// Jest Snapshot v1, https://goo.gl/fbAQLP

exports[`User Component Render should match snapshot 1`] = `
<View
  style={
    {
      "alignItems": "center",
      "flexDirection": "row",
      "gap": 7,
    }
  }
>
  <ViewManagerAdapter_ExpoLinearGradient
    colors={
      [
        4278910870,
        4278247679,
      ]
    }
    endPoint={
      [
        1,
        1,
      ]
    }
    startPoint={
      [
        0,
        0,
      ]
    }
    style={
      {
        "borderRadius": 50,
        "padding": 3,
      }
    }
    testID="gradient"
  >
    <View
      style={
        {
          "alignItems": "center",
          "borderBottomLeftRadius": 100000,
          "borderBottomRightRadius": 100000,
          "borderTopLeftRadius": 100000,
          "borderTopRightRadius": 100000,
          "flexDirection": "column",
          "height": 52,
          "justifyContent": "center",
          "maxHeight": 52,
          "maxWidth": 52,
          "minHeight": 52,
          "minWidth": 52,
          "overflow": "hidden",
          "paddingBottom": 0,
          "paddingLeft": 0,
          "paddingRight": 0,
          "paddingTop": 0,
          "position": "relative",
          "width": 52,
        }
      }
    >
      <View
        style={
          {
            "bottom": 0,
            "flexDirection": "column",
            "left": 0,
            "position": "absolute",
            "right": 0,
            "top": 0,
            "zIndex": 1,
          }
        }
      >
        <Image
          fullscreen={true}
          onError={[Function]}
          onLoad={[Function]}
          source={
            {
              "uri": "https://ca.slack-edge.com/THQS6JHC1-U072Q9RBV1T-f48dbe97c1e5-512",
            }
          }
          style={
            {
              "height": 52,
              "width": 52,
            }
          }
          testID="avatar-image"
        />
      </View>
      <View
        style={
          {
            "bottom": 0,
            "flexDirection": "column",
            "left": 0,
            "position": "absolute",
            "right": 0,
            "top": 0,
            "zIndex": 0,
          }
        }
      />
    </View>
  </ViewManagerAdapter_ExpoLinearGradient>
  <View
    style={
      {
        "flexDirection": "column",
      }
    }
  >
    <Text
      style={
        {
          "color": "white",
          "fontFamily": "Inter",
        }
      }
      suppressHighlighting={true}
    >
      Hello,
    </Text>
    <Text
      accessibilityRole="header"
      style={
        {
          "color": "white",
          "fontFamily": "Inter",
          "fontSize": 20,
          "fontWeight": "bold",
          "letterSpacing": 0,
          "lineHeight": 30,
          "marginBottom": 0,
          "marginLeft": 0,
          "marginRight": 0,
          "marginTop": -7,
          "userSelect": "auto",
        }
      }
      suppressHighlighting={true}
    >
      Danilo
    </Text>
  </View>
</View>
`;
